No explicit msvc version requested, autodetecting version.
**********************************************************************
** Visual Studio 2022 Developer Command Prompt v17.14.25
** Copyright (c) 2025 Microsoft Corporation
**********************************************************************
[vcvarsall.bat] Environment initialized for: 'x64'
Compiler Detection successful, detected VS2022
Building blender with VS2022 for x64 in C:\blender\official\..\build_windows_separate-xr-window-rebased_x64_vc17_Release
MSBuild version 17.14.40+3e7442088 for .NET Framework
  bf_dna_blenlib.vcxproj -> C:\blender\build_windows_separate-xr-window-rebased_x64_vc17_Release\lib\Release\bf_dna_blenlib.lib
  audaspace.vcxproj -> C:\blender\build_windows_separate-xr-window-rebased_x64_vc17_Release\lib\Release\audaspace.lib
  bf_intern_rigidbody.vcxproj -> C:\blender\build_windows_separate-xr-window-rebased_x64_vc17_Release\lib\Release\bf_intern_rigidbody.lib
  bf_intern_utfconv.vcxproj -> C:\blender\build_windows_separate-xr-window-rebased_x64_vc17_Release\lib\Release\bf_intern_utfconv.lib
  cycles_integrator.vcxproj -> C:\blender\build_windows_separate-xr-window-rebased_x64_vc17_Release\lib\Release\cycles_integrator.lib
  extern_xxhash.vcxproj -> C:\blender\build_windows_separate-xr-window-rebased_x64_vc17_Release\lib\Release\extern_xxhash.lib
  draw_cpp_shaders_bsl.vcxproj -> C:\blender\build_windows_separate-xr-window-rebased_x64_vc17_Release\source\blender\draw\intern\shaders\draw_cpp_shaders_bsl.dir\Release\draw_cpp_shaders_bsl.lib
  gpu_test_cpp_shaders_vert.vcxproj -> C:\blender\build_windows_separate-xr-window-rebased_x64_vc17_Release\source\blender\gpu\tests\shaders\gpu_test_cpp_shaders_vert.dir\Release\gpu_test_cpp_shaders_vert.lib
  workbench_cpp_shaders_vert.vcxproj -> C:\blender\build_windows_separate-xr-window-rebased_x64_vc17_Release\source\blender\draw\engines\workbench\shaders\workbench_cpp_shaders_vert.dir\Release\workbench_cpp_shaders_vert.lib
  workbench_cpp_shaders_frag.vcxproj -> C:\blender\build_windows_separate-xr-window-rebased_x64_vc17_Release\source\blender\draw\engines\workbench\shaders\workbench_cpp_shaders_frag.dir\Release\workbench_cpp_shaders_frag.lib
  workbench_cpp_shaders_bsl.vcxproj -> C:\blender\build_windows_separate-xr-window-rebased_x64_vc17_Release\source\blender\draw\engines\workbench\shaders\workbench_cpp_shaders_bsl.dir\Release\workbench_cpp_shaders_bsl.lib
  zstd_compress.vcxproj -> C:\blender\build_windows_separate-xr-window-rebased_x64_vc17_Release\bin\Release\zstd_compress.exe
  overlay_cpp_shaders_vert.vcxproj -> C:\blender\build_windows_separate-xr-window-rebased_x64_vc17_Release\source\blender\draw\engines\overlay\shaders\overlay_cpp_shaders_vert.dir\Release\overlay_cpp_shaders_vert.lib
  overlay_cpp_shaders_frag.vcxproj -> C:\blender\build_windows_separate-xr-window-rebased_x64_vc17_Release\source\blender\draw\engines\overlay\shaders\overlay_cpp_shaders_frag.dir\Release\overlay_cpp_shaders_frag.lib
  overlay_cpp_shaders_bsl.vcxproj -> C:\blender\build_windows_separate-xr-window-rebased_x64_vc17_Release\source\blender\draw\engines\overlay\shaders\overlay_cpp_shaders_bsl.dir\Release\overlay_cpp_shaders_bsl.lib
  gpu_test_cpp_shaders_frag.vcxproj -> C:\blender\build_windows_separate-xr-window-rebased_x64_vc17_Release\source\blender\gpu\tests\shaders\gpu_test_cpp_shaders_frag.dir\Release\gpu_test_cpp_shaders_frag.lib
  gpu_test_cpp_shaders_comp.vcxproj -> C:\blender\build_windows_separate-xr-window-rebased_x64_vc17_Release\source\blender\gpu\tests\shaders\gpu_test_cpp_shaders_comp.dir\Release\gpu_test_cpp_shaders_comp.lib
  gpu_test_cpp_shaders_bsl.vcxproj -> C:\blender\build_windows_separate-xr-window-rebased_x64_vc17_Release\source\blender\gpu\tests\shaders\gpu_test_cpp_shaders_bsl.dir\Release\gpu_test_cpp_shaders_bsl.lib
  gpu_cpp_shaders_vert.vcxproj -> C:\blender\build_windows_separate-xr-window-rebased_x64_vc17_Release\source\blender\gpu\shaders\gpu_cpp_shaders_vert.dir\Release\gpu_cpp_shaders_vert.lib
  gpu_cpp_shaders_comp.vcxproj -> C:\blender\build_windows_separate-xr-window-rebased_x64_vc17_Release\source\blender\gpu\shaders\gpu_cpp_shaders_comp.dir\Release\gpu_cpp_shaders_comp.lib
  gpu_cpp_shaders_frag.vcxproj -> C:\blender\build_windows_separate-xr-window-rebased_x64_vc17_Release\source\blender\gpu\shaders\gpu_cpp_shaders_frag.dir\Release\gpu_cpp_shaders_frag.lib
  gpu_cpp_shaders_bsl.vcxproj -> C:\blender\build_windows_separate-xr-window-rebased_x64_vc17_Release\source\blender\gpu\shaders\gpu_cpp_shaders_bsl.dir\Release\gpu_cpp_shaders_bsl.lib
  gpencil_cpp_shaders_vert.vcxproj -> C:\blender\build_windows_separate-xr-window-rebased_x64_vc17_Release\source\blender\draw\engines\gpencil\shaders\gpencil_cpp_shaders_vert.dir\Release\gpencil_cpp_shaders_vert.lib
  gpencil_cpp_shaders_frag.vcxproj -> C:\blender\build_windows_separate-xr-window-rebased_x64_vc17_Release\source\blender\draw\engines\gpencil\shaders\gpencil_cpp_shaders_frag.dir\Release\gpencil_cpp_shaders_frag.lib
  eevee_cpp_shaders_bsl.vcxproj -> C:\blender\build_windows_separate-xr-window-rebased_x64_vc17_Release\source\blender\draw\engines\eevee\shaders\eevee_cpp_shaders_bsl.dir\Release\eevee_cpp_shaders_bsl.lib
  draw_cpp_shaders_vert.vcxproj -> C:\blender\build_windows_separate-xr-window-rebased_x64_vc17_Release\source\blender\draw\intern\shaders\draw_cpp_shaders_vert.dir\Release\draw_cpp_shaders_vert.lib
  draw_cpp_shaders_frag.vcxproj -> C:\blender\build_windows_separate-xr-window-rebased_x64_vc17_Release\source\blender\draw\intern\shaders\draw_cpp_shaders_frag.dir\Release\draw_cpp_shaders_frag.lib
  draw_cpp_shaders_comp.vcxproj -> C:\blender\build_windows_separate-xr-window-rebased_x64_vc17_Release\source\blender\draw\intern\shaders\draw_cpp_shaders_comp.dir\Release\draw_cpp_shaders_comp.lib
  compositor_cpp_shaders_comp.vcxproj -> C:\blender\build_windows_separate-xr-window-rebased_x64_vc17_Release\source\blender\compositor\shaders\compositor_cpp_shaders_comp.dir\Release\compositor_cpp_shaders_comp.lib
  blender-launcher.vcxproj -> C:\blender\build_windows_separate-xr-window-rebased_x64_vc17_Release\bin\Release\blender-launcher.exe
  bf_intern_meshopt_bridge.vcxproj -> C:\blender\build_windows_separate-xr-window-rebased_x64_vc17_Release\lib\Release\bf_intern_meshopt_bridge.dll
  extern_wcwidth.vcxproj -> C:\blender\build_windows_separate-xr-window-rebased_x64_vc17_Release\lib\Release\extern_wcwidth.lib
  bf_intern_draco_bridge.vcxproj -> C:\blender\build_windows_separate-xr-window-rebased_x64_vc17_Release\lib\Release\bf_intern_draco_bridge.dll
  extern_vulkan_memory_allocator.vcxproj -> C:\blender\build_windows_separate-xr-window-rebased_x64_vc17_Release\lib\Release\extern_vulkan_memory_allocator.lib
  extern_volk.vcxproj -> C:\blender\build_windows_separate-xr-window-rebased_x64_vc17_Release\lib\Release\extern_volk.lib
  extern_ufbx.vcxproj -> C:\blender\build_windows_separate-xr-window-rebased_x64_vc17_Release\lib\Release\extern_ufbx.lib
  extern_rangetree.vcxproj -> C:\blender\build_windows_separate-xr-window-rebased_x64_vc17_Release\lib\Release\extern_rangetree.lib
  extern_nanosvg.vcxproj -> C:\blender\build_windows_separate-xr-window-rebased_x64_vc17_Release\lib\Release\extern_nanosvg.lib
  extern_quadriflow.vcxproj -> C:\blender\build_windows_separate-xr-window-rebased_x64_vc17_Release\lib\Release\extern_quadriflow.lib
  extern_hipew.vcxproj -> C:\blender\build_windows_separate-xr-window-rebased_x64_vc17_Release\lib\Release\extern_hipew.lib
  extern_mantaflow.vcxproj -> C:\blender\build_windows_separate-xr-window-rebased_x64_vc17_Release\lib\Release\extern_mantaflow.lib
  extern_glog.vcxproj -> C:\blender\build_windows_separate-xr-window-rebased_x64_vc17_Release\lib\Release\extern_glog.lib
  extern_gflags.vcxproj -> C:\blender\build_windows_separate-xr-window-rebased_x64_vc17_Release\lib\Release\extern_gflags.lib
  extern_cuew.vcxproj -> C:\blender\build_windows_separate-xr-window-rebased_x64_vc17_Release\lib\Release\extern_cuew.lib
  extern_curve_fit_nd.vcxproj -> C:\blender\build_windows_separate-xr-window-rebased_x64_vc17_Release\lib\Release\extern_curve_fit_nd.lib
  cycles_util.vcxproj -> C:\blender\build_windows_separate-xr-window-rebased_x64_vc17_Release\lib\Release\cycles_util.lib
  cycles_subd.vcxproj -> C:\blender\build_windows_separate-xr-window-rebased_x64_vc17_Release\lib\Release\cycles_subd.lib
  extern_bullet.vcxproj -> C:\blender\build_windows_separate-xr-window-rebased_x64_vc17_Release\lib\Release\extern_bullet.lib
  cycles_session.vcxproj -> C:\blender\build_windows_separate-xr-window-rebased_x64_vc17_Release\lib\Release\cycles_session.lib
  cycles_scene.vcxproj -> C:\blender\build_windows_separate-xr-window-rebased_x64_vc17_Release\lib\Release\cycles_scene.lib
  cycles_kernel_osl.vcxproj -> C:\blender\build_windows_separate-xr-window-rebased_x64_vc17_Release\lib\Release\cycles_kernel_osl.lib
  cycles_kernel_cpu.vcxproj -> C:\blender\build_windows_separate-xr-window-rebased_x64_vc17_Release\lib\Release\cycles_kernel_cpu.lib
  cycles_graph.vcxproj -> C:\blender\build_windows_separate-xr-window-rebased_x64_vc17_Release\lib\Release\cycles_graph.lib
  cycles_bvh.vcxproj -> C:\blender\build_windows_separate-xr-window-rebased_x64_vc17_Release\lib\Release\cycles_bvh.lib
  Generating buildinfo.h_fake, buildinfo.h
  cycles_device.vcxproj -> C:\blender\build_windows_separate-xr-window-rebased_x64_vc17_Release\lib\Release\cycles_device.lib
  blender_cpu_check.vcxproj -> C:\blender\build_windows_separate-xr-window-rebased_x64_vc17_Release\bin\Release\blender_cpu_check.dll
  bf_intern_uriconvert.vcxproj -> C:\blender\build_windows_separate-xr-window-rebased_x64_vc17_Release\lib\Release\bf_intern_uriconvert.lib
  bf_intern_slim.vcxproj -> C:\blender\build_windows_separate-xr-window-rebased_x64_vc17_Release\lib\Release\bf_intern_slim.lib
  bf_intern_sky.vcxproj -> C:\blender\build_windows_separate-xr-window-rebased_x64_vc17_Release\lib\Release\bf_intern_sky.lib
  bf_intern_quadriflow.vcxproj -> C:\blender\build_windows_separate-xr-window-rebased_x64_vc17_Release\lib\Release\bf_intern_quadriflow.lib
  bf_intern_openvdb.vcxproj -> C:\blender\build_windows_separate-xr-window-rebased_x64_vc17_Release\lib\Release\bf_intern_openvdb.lib
  bf_intern_libmv.vcxproj -> C:\blender\build_windows_separate-xr-window-rebased_x64_vc17_Release\lib\Release\bf_intern_libmv.lib
  bf_intern_itasc.vcxproj -> C:\blender\build_windows_separate-xr-window-rebased_x64_vc17_Release\lib\Release\bf_intern_itasc.lib
  bf_intern_iksolver.vcxproj -> C:\blender\build_windows_separate-xr-window-rebased_x64_vc17_Release\lib\Release\bf_intern_iksolver.lib
  bf_intern_eigen.vcxproj -> C:\blender\build_windows_separate-xr-window-rebased_x64_vc17_Release\lib\Release\bf_intern_eigen.lib
  bf_intern_dualcon.vcxproj -> C:\blender\build_windows_separate-xr-window-rebased_x64_vc17_Release\lib\Release\bf_intern_dualcon.lib
  bf_intern_clog.vcxproj -> C:\blender\build_windows_separate-xr-window-rebased_x64_vc17_Release\lib\Release\bf_intern_clog.lib
  audaspace-py.vcxproj -> C:\blender\build_windows_separate-xr-window-rebased_x64_vc17_Release\lib\Release\audaspace-py.lib
  datatoc.vcxproj -> C:\blender\build_windows_separate-xr-window-rebased_x64_vc17_Release\bin\Release\datatoc.exe
  shader_tool.vcxproj -> C:\blender\build_windows_separate-xr-window-rebased_x64_vc17_Release\bin\Release\shader_tool.exe
  bf_draw_shaders.vcxproj -> C:\blender\build_windows_separate-xr-window-rebased_x64_vc17_Release\lib\Release\bf_draw_shaders.lib
  bf_imbuf_opencolorio_shaders.vcxproj -> C:\blender\build_windows_separate-xr-window-rebased_x64_vc17_Release\lib\Release\bf_imbuf_opencolorio_shaders.lib
  bf_gpu_shaders.vcxproj -> C:\blender\build_windows_separate-xr-window-rebased_x64_vc17_Release\lib\Release\bf_gpu_shaders.lib
  bf_osd_shaders.vcxproj -> C:\blender\build_windows_separate-xr-window-rebased_x64_vc17_Release\lib\Release\bf_osd_shaders.lib
  bf_intern_guardedalloc.vcxproj -> C:\blender\build_windows_separate-xr-window-rebased_x64_vc17_Release\lib\Release\bf_intern_guardedalloc.lib
  makesdna.vcxproj -> C:\blender\build_windows_separate-xr-window-rebased_x64_vc17_Release\bin\Release\makesdna.exe
  bf_dna.vcxproj -> C:\blender\build_windows_separate-xr-window-rebased_x64_vc17_Release\lib\Release\bf_dna.lib
  bf_dna_defaults.vcxproj -> C:\blender\build_windows_separate-xr-window-rebased_x64_vc17_Release\lib\Release\bf_dna_defaults.lib
  bf_compositor_shaders.vcxproj -> C:\blender\build_windows_separate-xr-window-rebased_x64_vc17_Release\lib\Release\bf_compositor_shaders.lib
  bf_blenlib.vcxproj -> C:\blender\build_windows_separate-xr-window-rebased_x64_vc17_Release\lib\Release\bf_blenlib.lib
  bf_blenloader_core.vcxproj -> C:\blender\build_windows_separate-xr-window-rebased_x64_vc17_Release\lib\Release\bf_blenloader_core.lib
  bf_functions.vcxproj -> C:\blender\build_windows_separate-xr-window-rebased_x64_vc17_Release\lib\Release\bf_functions.lib
  bf_intern_mantaflow.vcxproj -> C:\blender\build_windows_separate-xr-window-rebased_x64_vc17_Release\lib\Release\bf_intern_mantaflow.lib
  bf_intern_memutil.vcxproj -> C:\blender\build_windows_separate-xr-window-rebased_x64_vc17_Release\lib\Release\bf_intern_memutil.lib
  bf_editor_datafiles.vcxproj -> C:\blender\build_windows_separate-xr-window-rebased_x64_vc17_Release\lib\Release\bf_editor_datafiles.lib
  buildinfo.c
  makesrna.vcxproj -> C:\blender\build_windows_separate-xr-window-rebased_x64_vc17_Release\bin\Release\makesrna.exe
  buildinfoobj.vcxproj -> C:\blender\build_windows_separate-xr-window-rebased_x64_vc17_Release\source\creator\buildinfoobj.dir\Release\buildinfoobj.lib
  Generating rna_ID_gen.cc, rna_action_gen.cc, rna_animation_gen.cc, rna_animviz_gen.cc, rna_annotations_gen.cc, rna_armature_gen.cc, rna_asset_gen.cc, rna_attribute_gen.cc, rna_blender_project_gen.cc, rna_blendfile_import_gen.cc, rna_boid_gen.cc, rna_brush_gen.cc, rna_cachefile_gen.cc, rna_camera_gen.cc, rna_cloth_gen.cc, rna_collection_gen.cc, rna_color_gen.cc, rna_constraint_gen.cc, rna_context_gen.cc, rna_curve_gen.cc, rna_curveprofile_gen.cc, rna_curves_gen.cc, rna_depsgraph_gen.cc, rna_dynamicpaint_gen.cc, rna_fcurve_gen.cc, rna_fluid_gen.cc, rna_grease_pencil_gen.cc, rna_image_gen.cc, rna_key_gen.cc, rna_lattice_gen.cc, rna_layer_gen.cc, rna_light_gen.cc, rna_lightprobe_gen.cc, rna_linestyle_gen.cc, rna_main_gen.cc, rna_mask_gen.cc, rna_material_gen.cc, rna_mesh_gen.cc, rna_meta_gen.cc, rna_modifier_gen.cc, rna_movieclip_gen.cc, rna_nla_gen.cc, rna_node_socket_gen.cc, rna_node_tree_interface_gen.cc, rna_nodetree_gen.cc, rna_object_gen.cc, rna_object_force_gen.cc, rna_packedfile_gen.cc, rna_palette_gen.cc, rna_particle_gen.cc, rna_pointcloud_gen.cc, rna_pose_gen.cc, rna_render_gen.cc, rna_rigidbody_gen.cc, rna_rna_gen.cc, rna_scene_gen.cc, rna_screen_gen.cc, rna_sculpt_paint_gen.cc, rna_sequencer_gen.cc, rna_shader_fx_gen.cc, rna_sound_gen.cc, rna_space_gen.cc, rna_speaker_gen.cc, rna_test_gen.cc, rna_text_gen.cc, rna_texture_gen.cc, rna_timeline_gen.cc, rna_tracking_gen.cc, rna_ui_gen.cc, rna_userdef_gen.cc, rna_vfont_gen.cc, rna_volume_gen.cc, rna_wm_gen.cc, rna_wm_gizmo_gen.cc, rna_wm_undo_gen.cc, rna_workspace_gen.cc, rna_world_gen.cc, rna_xr_gen.cc, rna_usd_gen.cc, rna_prototypes_gen.hh, ../RNA_prototypes.hh
  bf_rna.vcxproj -> C:\blender\build_windows_separate-xr-window-rebased_x64_vc17_Release\lib\Release\bf_rna.lib
  msgfmt.vcxproj -> C:\blender\build_windows_separate-xr-window-rebased_x64_vc17_Release\bin\Release\msgfmt.exe
     Creating library C:/blender/build_windows_separate-xr-window-rebased_x64_vc17_Release/lib/Release/BlendThumb.lib and object C:/blender/build_windows_separate-xr-window-rebased_x64_vc17_Release/lib/Release/BlendThumb.exp
  BlendThumb.vcxproj -> C:\blender\build_windows_separate-xr-window-rebased_x64_vc17_Release\lib\Release\BlendThumb.dll
  bf_nodes_geometry_generated.vcxproj -> C:\blender\build_windows_separate-xr-window-rebased_x64_vc17_Release\lib\Release\bf_nodes_geometry_generated.lib
  bf_nodes_functions_generated.vcxproj -> C:\blender\build_windows_separate-xr-window-rebased_x64_vc17_Release\lib\Release\bf_nodes_functions_generated.lib
  bf_nodes_compositor_generated.vcxproj -> C:\blender\build_windows_separate-xr-window-rebased_x64_vc17_Release\lib\Release\bf_nodes_compositor_generated.lib
  bf_animrig.vcxproj -> C:\blender\build_windows_separate-xr-window-rebased_x64_vc17_Release\lib\Release\bf_animrig.lib
  bf_editor_space_sequencer.vcxproj -> C:\blender\build_windows_separate-xr-window-rebased_x64_vc17_Release\lib\Release\bf_editor_space_sequencer.lib
  bf_editor_metaball.vcxproj -> C:\blender\build_windows_separate-xr-window-rebased_x64_vc17_Release\lib\Release\bf_editor_metaball.lib
  bf_asset_system.vcxproj -> C:\blender\build_windows_separate-xr-window-rebased_x64_vc17_Release\lib\Release\bf_asset_system.lib
  bf_blenfont.vcxproj -> C:\blender\build_windows_separate-xr-window-rebased_x64_vc17_Release\lib\Release\bf_blenfont.lib
  bf_blenloader.vcxproj -> C:\blender\build_windows_separate-xr-window-rebased_x64_vc17_Release\lib\Release\bf_blenloader.lib
  bf_blentranslation.vcxproj -> C:\blender\build_windows_separate-xr-window-rebased_x64_vc17_Release\lib\Release\bf_blentranslation.lib
  bf_bmesh.vcxproj -> C:\blender\build_windows_separate-xr-window-rebased_x64_vc17_Release\lib\Release\bf_bmesh.lib
  bf_blenkernel.vcxproj -> C:\blender\build_windows_separate-xr-window-rebased_x64_vc17_Release\lib\Release\bf_blenkernel.lib
  bf_compositor.vcxproj -> C:\blender\build_windows_separate-xr-window-rebased_x64_vc17_Release\lib\Release\bf_compositor.lib
  bf_depsgraph.vcxproj -> C:\blender\build_windows_separate-xr-window-rebased_x64_vc17_Release\lib\Release\bf_depsgraph.lib
  bf_editor_animation.vcxproj -> C:\blender\build_windows_separate-xr-window-rebased_x64_vc17_Release\lib\Release\bf_editor_animation.lib
  bf_draw.vcxproj -> C:\blender\build_windows_separate-xr-window-rebased_x64_vc17_Release\lib\Release\bf_draw.lib
  bf_editor_armature.vcxproj -> C:\blender\build_windows_separate-xr-window-rebased_x64_vc17_Release\lib\Release\bf_editor_armature.lib
  bf_editor_asset.vcxproj -> C:\blender\build_windows_separate-xr-window-rebased_x64_vc17_Release\lib\Release\bf_editor_asset.lib
  bf_editor_curve.vcxproj -> C:\blender\build_windows_separate-xr-window-rebased_x64_vc17_Release\lib\Release\bf_editor_curve.lib
  bf_editor_curves.vcxproj -> C:\blender\build_windows_separate-xr-window-rebased_x64_vc17_Release\lib\Release\bf_editor_curves.lib
  bf_editor_geometry.vcxproj -> C:\blender\build_windows_separate-xr-window-rebased_x64_vc17_Release\lib\Release\bf_editor_geometry.lib
  bf_editor_gizmo_library.vcxproj -> C:\blender\build_windows_separate-xr-window-rebased_x64_vc17_Release\lib\Release\bf_editor_gizmo_library.lib
  bf_editor_gpencil_legacy.vcxproj -> C:\blender\build_windows_separate-xr-window-rebased_x64_vc17_Release\lib\Release\bf_editor_gpencil_legacy.lib
  bf_editor_id_management.vcxproj -> C:\blender\build_windows_separate-xr-window-rebased_x64_vc17_Release\lib\Release\bf_editor_id_management.lib
  bf_editor_grease_pencil.vcxproj -> C:\blender\build_windows_separate-xr-window-rebased_x64_vc17_Release\lib\Release\bf_editor_grease_pencil.lib
  bf_editor_io.vcxproj -> C:\blender\build_windows_separate-xr-window-rebased_x64_vc17_Release\lib\Release\bf_editor_io.lib
  bf_editor_interface.vcxproj -> C:\blender\build_windows_separate-xr-window-rebased_x64_vc17_Release\lib\Release\bf_editor_interface.lib
  bf_editor_lattice.vcxproj -> C:\blender\build_windows_separate-xr-window-rebased_x64_vc17_Release\lib\Release\bf_editor_lattice.lib
  bf_editor_mask.vcxproj -> C:\blender\build_windows_separate-xr-window-rebased_x64_vc17_Release\lib\Release\bf_editor_mask.lib
  bf_editor_mesh.vcxproj -> C:\blender\build_windows_separate-xr-window-rebased_x64_vc17_Release\lib\Release\bf_editor_mesh.lib
  bf_editor_object.vcxproj -> C:\blender\build_windows_separate-xr-window-rebased_x64_vc17_Release\lib\Release\bf_editor_object.lib
  bf_editor_physics.vcxproj -> C:\blender\build_windows_separate-xr-window-rebased_x64_vc17_Release\lib\Release\bf_editor_physics.lib
  bf_editor_pointcloud.vcxproj -> C:\blender\build_windows_separate-xr-window-rebased_x64_vc17_Release\lib\Release\bf_editor_pointcloud.lib
  bf_editor_render.vcxproj -> C:\blender\build_windows_separate-xr-window-rebased_x64_vc17_Release\lib\Release\bf_editor_render.lib
  bf_editor_scene.vcxproj -> C:\blender\build_windows_separate-xr-window-rebased_x64_vc17_Release\lib\Release\bf_editor_scene.lib
  area.cc
  bf_editor_sound.vcxproj -> C:\blender\build_windows_separate-xr-window-rebased_x64_vc17_Release\lib\Release\bf_editor_sound.lib
  bf_editor_space_action.vcxproj -> C:\blender\build_windows_separate-xr-window-rebased_x64_vc17_Release\lib\Release\bf_editor_space_action.lib
  bf_editor_space_api.vcxproj -> C:\blender\build_windows_separate-xr-window-rebased_x64_vc17_Release\lib\Release\bf_editor_space_api.lib
  bf_editor_space_buttons.vcxproj -> C:\blender\build_windows_separate-xr-window-rebased_x64_vc17_Release\lib\Release\bf_editor_space_buttons.lib
  bf_editor_sculpt_paint.vcxproj -> C:\blender\build_windows_separate-xr-window-rebased_x64_vc17_Release\lib\Release\bf_editor_sculpt_paint.lib
  bf_editor_space_clip.vcxproj -> C:\blender\build_windows_separate-xr-window-rebased_x64_vc17_Release\lib\Release\bf_editor_space_clip.lib
  bf_editor_space_console.vcxproj -> C:\blender\build_windows_separate-xr-window-rebased_x64_vc17_Release\lib\Release\bf_editor_space_console.lib
  bf_editor_space_graph.vcxproj -> C:\blender\build_windows_separate-xr-window-rebased_x64_vc17_Release\lib\Release\bf_editor_space_graph.lib
  bf_editor_space_file.vcxproj -> C:\blender\build_windows_separate-xr-window-rebased_x64_vc17_Release\lib\Release\bf_editor_space_file.lib
  bf_editor_space_image.vcxproj -> C:\blender\build_windows_separate-xr-window-rebased_x64_vc17_Release\lib\Release\bf_editor_space_image.lib
  bf_editor_space_info.vcxproj -> C:\blender\build_windows_separate-xr-window-rebased_x64_vc17_Release\lib\Release\bf_editor_space_info.lib
  bf_editor_space_nla.vcxproj -> C:\blender\build_windows_separate-xr-window-rebased_x64_vc17_Release\lib\Release\bf_editor_space_nla.lib
  bf_editor_space_node.vcxproj -> C:\blender\build_windows_separate-xr-window-rebased_x64_vc17_Release\lib\Release\bf_editor_space_node.lib
  bf_editor_space_project.vcxproj -> C:\blender\build_windows_separate-xr-window-rebased_x64_vc17_Release\lib\Release\bf_editor_space_project.lib
  bf_editor_space_outliner.vcxproj -> C:\blender\build_windows_separate-xr-window-rebased_x64_vc17_Release\lib\Release\bf_editor_space_outliner.lib
  bf_editor_space_script.vcxproj -> C:\blender\build_windows_separate-xr-window-rebased_x64_vc17_Release\lib\Release\bf_editor_space_script.lib
  bf_editor_space_spreadsheet.vcxproj -> C:\blender\build_windows_separate-xr-window-rebased_x64_vc17_Release\lib\Release\bf_editor_space_spreadsheet.lib
  bf_editor_space_statusbar.vcxproj -> C:\blender\build_windows_separate-xr-window-rebased_x64_vc17_Release\lib\Release\bf_editor_space_statusbar.lib
  bf_editor_space_text.vcxproj -> C:\blender\build_windows_separate-xr-window-rebased_x64_vc17_Release\lib\Release\bf_editor_space_text.lib
  bf_editor_space_topbar.vcxproj -> C:\blender\build_windows_separate-xr-window-rebased_x64_vc17_Release\lib\Release\bf_editor_space_topbar.lib
  bf_editor_space_userpref.vcxproj -> C:\blender\build_windows_separate-xr-window-rebased_x64_vc17_Release\lib\Release\bf_editor_space_userpref.lib
  bf_editor_space_view3d.vcxproj -> C:\blender\build_windows_separate-xr-window-rebased_x64_vc17_Release\lib\Release\bf_editor_space_view3d.lib
  bf_editor_transform.vcxproj -> C:\blender\build_windows_separate-xr-window-rebased_x64_vc17_Release\lib\Release\bf_editor_transform.lib
  bf_editor_undo.vcxproj -> C:\blender\build_windows_separate-xr-window-rebased_x64_vc17_Release\lib\Release\bf_editor_undo.lib
  bf_editor_util.vcxproj -> C:\blender\build_windows_separate-xr-window-rebased_x64_vc17_Release\lib\Release\bf_editor_util.lib
  bf_editor_uvedit.vcxproj -> C:\blender\build_windows_separate-xr-window-rebased_x64_vc17_Release\lib\Release\bf_editor_uvedit.lib
  bf_geometry.vcxproj -> C:\blender\build_windows_separate-xr-window-rebased_x64_vc17_Release\lib\Release\bf_geometry.lib
  bf_freestyle.vcxproj -> C:\blender\build_windows_separate-xr-window-rebased_x64_vc17_Release\lib\Release\bf_freestyle.lib
  bf_ikplugin.vcxproj -> C:\blender\build_windows_separate-xr-window-rebased_x64_vc17_Release\lib\Release\bf_ikplugin.lib
  bf_gpu.vcxproj -> C:\blender\build_windows_separate-xr-window-rebased_x64_vc17_Release\lib\Release\bf_gpu.lib
  bf_imbuf_cineon.vcxproj -> C:\blender\build_windows_separate-xr-window-rebased_x64_vc17_Release\lib\Release\bf_imbuf_cineon.lib
  bf_imbuf.vcxproj -> C:\blender\build_windows_separate-xr-window-rebased_x64_vc17_Release\lib\Release\bf_imbuf.lib
  bf_imbuf_movie.vcxproj -> C:\blender\build_windows_separate-xr-window-rebased_x64_vc17_Release\lib\Release\bf_imbuf_movie.lib
  bf_imbuf_opencolorio.vcxproj -> C:\blender\build_windows_separate-xr-window-rebased_x64_vc17_Release\lib\Release\bf_imbuf_opencolorio.lib
  bf_imbuf_openexr.vcxproj -> C:\blender\build_windows_separate-xr-window-rebased_x64_vc17_Release\lib\Release\bf_imbuf_openexr.lib
  bf_imbuf_openimageio.vcxproj -> C:\blender\build_windows_separate-xr-window-rebased_x64_vc17_Release\lib\Release\bf_imbuf_openimageio.lib
  bf_intern_cycles.vcxproj -> C:\blender\build_windows_separate-xr-window-rebased_x64_vc17_Release\lib\Release\bf_intern_cycles.lib
  bf_intern_ghost.vcxproj -> C:\blender\build_windows_separate-xr-window-rebased_x64_vc17_Release\lib\Release\bf_intern_ghost.lib
  bf_intern_opensubdiv.vcxproj -> C:\blender\build_windows_separate-xr-window-rebased_x64_vc17_Release\lib\Release\bf_intern_opensubdiv.lib
  bf_io_alembic.vcxproj -> C:\blender\build_windows_separate-xr-window-rebased_x64_vc17_Release\lib\Release\bf_io_alembic.lib
  bf_io_common.vcxproj -> C:\blender\build_windows_separate-xr-window-rebased_x64_vc17_Release\lib\Release\bf_io_common.lib
  bf_io_csv.vcxproj -> C:\blender\build_windows_separate-xr-window-rebased_x64_vc17_Release\lib\Release\bf_io_csv.lib
  bf_io_fbx.vcxproj -> C:\blender\build_windows_separate-xr-window-rebased_x64_vc17_Release\lib\Release\bf_io_fbx.lib
  bf_io_grease_pencil.vcxproj -> C:\blender\build_windows_separate-xr-window-rebased_x64_vc17_Release\lib\Release\bf_io_grease_pencil.lib
  bf_io_ply.vcxproj -> C:\blender\build_windows_separate-xr-window-rebased_x64_vc17_Release\lib\Release\bf_io_ply.lib
  bf_io_stl.vcxproj -> C:\blender\build_windows_separate-xr-window-rebased_x64_vc17_Release\lib\Release\bf_io_stl.lib
C:\blender\official\source\blender\editors\screen\area.cc(4626,23): error C2440: '=': cannot convert from 'short' to 'blender::eRegion_Alignment' [C:\blender\build_windows_separate-xr-window-rebased_x64_vc17_Release\source\blender\editors\screen\bf_editor_screen.vcxproj]
      C:\blender\official\source\blender\editors\screen\area.cc(4626,23):
      Conversion to enumeration type requires an explicit cast (static_cast, C-style cast or parenthesized function-style cast)
  bf_io_wavefront_obj.vcxproj -> C:\blender\build_windows_separate-xr-window-rebased_x64_vc17_Release\lib\Release\bf_io_wavefront_obj.lib
  bf_io_usd.vcxproj -> C:\blender\build_windows_separate-xr-window-rebased_x64_vc17_Release\lib\Release\bf_io_usd.lib
  bf_modifiers.vcxproj -> C:\blender\build_windows_separate-xr-window-rebased_x64_vc17_Release\lib\Release\bf_modifiers.lib
  bf_nodes.vcxproj -> C:\blender\build_windows_separate-xr-window-rebased_x64_vc17_Release\lib\Release\bf_nodes.lib
  bf_nodes_composite.vcxproj -> C:\blender\build_windows_separate-xr-window-rebased_x64_vc17_Release\lib\Release\bf_nodes_composite.lib
  bf_nodes_function.vcxproj -> C:\blender\build_windows_separate-xr-window-rebased_x64_vc17_Release\lib\Release\bf_nodes_function.lib
  bf_nodes_shader.vcxproj -> C:\blender\build_windows_separate-xr-window-rebased_x64_vc17_Release\lib\Release\bf_nodes_shader.lib
  bf_nodes_geometry.vcxproj -> C:\blender\build_windows_separate-xr-window-rebased_x64_vc17_Release\lib\Release\bf_nodes_geometry.lib
  bf_nodes_texture.vcxproj -> C:\blender\build_windows_separate-xr-window-rebased_x64_vc17_Release\lib\Release\bf_nodes_texture.lib
  bf_python_bmesh.vcxproj -> C:\blender\build_windows_separate-xr-window-rebased_x64_vc17_Release\lib\Release\bf_python_bmesh.lib
  bf_python.vcxproj -> C:\blender\build_windows_separate-xr-window-rebased_x64_vc17_Release\lib\Release\bf_python.lib
  bf_python_ext.vcxproj -> C:\blender\build_windows_separate-xr-window-rebased_x64_vc17_Release\lib\Release\bf_python_ext.lib
  bf_python_gpu.vcxproj -> C:\blender\build_windows_separate-xr-window-rebased_x64_vc17_Release\lib\Release\bf_python_gpu.lib
  bf_python_mathutils.vcxproj -> C:\blender\build_windows_separate-xr-window-rebased_x64_vc17_Release\lib\Release\bf_python_mathutils.lib
  bf_render.vcxproj -> C:\blender\build_windows_separate-xr-window-rebased_x64_vc17_Release\lib\Release\bf_render.lib
  bf_render_hydra.vcxproj -> C:\blender\build_windows_separate-xr-window-rebased_x64_vc17_Release\lib\Release\bf_render_hydra.lib
  bf_sequencer.vcxproj -> C:\blender\build_windows_separate-xr-window-rebased_x64_vc17_Release\lib\Release\bf_sequencer.lib
  bf_shader_fx.vcxproj -> C:\blender\build_windows_separate-xr-window-rebased_x64_vc17_Release\lib\Release\bf_shader_fx.lib
  bf_simulation.vcxproj -> C:\blender\build_windows_separate-xr-window-rebased_x64_vc17_Release\lib\Release\bf_simulation.lib
  wm_xr_draw.cc
  wm_xr_session.cc
C:\blender\official\source\blender\windowmanager\xr\intern\wm_xr_draw.cc(462,3): error C3861: 'copy_m4_m4': identifier not found [C:\blender\build_windows_separate-xr-window-rebased_x64_vc17_Release\source\blender\windowmanager\bf_windowmanager.vcxproj]
C:\blender\official\source\blender\windowmanager\xr\intern\wm_xr_draw.cc(838,3): error C3861: 'loc_eul_size_to_mat4': identifier not found [C:\blender\build_windows_separate-xr-window-rebased_x64_vc17_Release\source\blender\windowmanager\bf_windowmanager.vcxproj]
C:\blender\official\source\blender\windowmanager\xr\intern\wm_xr_draw.cc(920,3): error C3861: 'unit_m4': identifier not found [C:\blender\build_windows_separate-xr-window-rebased_x64_vc17_Release\source\blender\windowmanager\bf_windowmanager.vcxproj]
C:\blender\official\source\blender\windowmanager\xr\intern\wm_xr_draw.cc(1030,27): error C3861: 'is_zero_m4': identifier not found [C:\blender\build_windows_separate-xr-window-rebased_x64_vc17_Release\source\blender\windowmanager\bf_windowmanager.vcxproj]
C:\blender\official\source\blender\windowmanager\xr\intern\wm_xr_draw.cc(1098,11): error C3861: 'is_zero_m4': identifier not found [C:\blender\build_windows_separate-xr-window-rebased_x64_vc17_Release\source\blender\windowmanager\bf_windowmanager.vcxproj]
C:\blender\official\source\blender\windowmanager\xr\intern\wm_xr_draw.cc(1177,5): error C3861: 'copy_m4_m4': identifier not found [C:\blender\build_windows_separate-xr-window-rebased_x64_vc17_Release\source\blender\windowmanager\bf_windowmanager.vcxproj]
C:\blender\official\source\blender\windowmanager\xr\intern\wm_xr_draw.cc(1252,7): error C3861: 'copy_m4_m4': identifier not found [C:\blender\build_windows_separate-xr-window-rebased_x64_vc17_Release\source\blender\windowmanager\bf_windowmanager.vcxproj]
C:\blender\official\source\blender\windowmanager\xr\intern\wm_xr_draw.cc(1371,8): error C3861: 'invert_m4_m4': identifier not found [C:\blender\build_windows_separate-xr-window-rebased_x64_vc17_Release\source\blender\windowmanager\bf_windowmanager.vcxproj]
C:\blender\official\source\blender\windowmanager\xr\intern\wm_xr_draw.cc(1381,3): error C3861: 'mul_m4_v3': identifier not found [C:\blender\build_windows_separate-xr-window-rebased_x64_vc17_Release\source\blender\windowmanager\bf_windowmanager.vcxproj]
C:\blender\official\source\blender\windowmanager\xr\intern\wm_xr_draw.cc(1382,3): error C3861: 'mul_m4_v3': identifier not found [C:\blender\build_windows_separate-xr-window-rebased_x64_vc17_Release\source\blender\windowmanager\bf_windowmanager.vcxproj]
C:\blender\official\source\blender\windowmanager\xr\intern\wm_xr_draw.cc(1412,3): error C3861: 'mul_m4_v3': identifier not found [C:\blender\build_windows_separate-xr-window-rebased_x64_vc17_Release\source\blender\windowmanager\bf_windowmanager.vcxproj]
C:\blender\official\source\blender\windowmanager\xr\intern\wm_xr_draw.cc(2010,3): error C3861: 'quat_to_mat4': identifier not found [C:\blender\build_windows_separate-xr-window-rebased_x64_vc17_Release\source\blender\windowmanager\bf_windowmanager.vcxproj]
C:\blender\official\source\blender\windowmanager\xr\intern\wm_xr_draw.cc(2027,3): error C3861: 'invert_qt_qt_normalized': identifier not found [C:\blender\build_windows_separate-xr-window-rebased_x64_vc17_Release\source\blender\windowmanager\bf_windowmanager.vcxproj]
C:\blender\official\source\blender\windowmanager\xr\intern\wm_xr_draw.cc(2028,3): error C3861: 'quat_to_mat4': identifier not found [C:\blender\build_windows_separate-xr-window-rebased_x64_vc17_Release\source\blender\windowmanager\bf_windowmanager.vcxproj]
C:\blender\official\source\blender\windowmanager\xr\intern\wm_xr_draw.cc(2029,3): error C3861: 'translate_m4': identifier not found [C:\blender\build_windows_separate-xr-window-rebased_x64_vc17_Release\source\blender\windowmanager\bf_windowmanager.vcxproj]
C:\blender\official\source\blender\windowmanager\xr\intern\wm_xr_draw.cc(2035,3): error C3861: 'invert_qt_qt_normalized': identifier not found [C:\blender\build_windows_separate-xr-window-rebased_x64_vc17_Release\source\blender\windowmanager\bf_windowmanager.vcxproj]
C:\blender\official\source\blender\windowmanager\xr\intern\wm_xr_draw.cc(2036,3): error C3861: 'quat_to_mat4': identifier not found [C:\blender\build_windows_separate-xr-window-rebased_x64_vc17_Release\source\blender\windowmanager\bf_windowmanager.vcxproj]
C:\blender\official\source\blender\windowmanager\xr\intern\wm_xr_draw.cc(2044,3): error C3861: 'translate_m4': identifier not found [C:\blender\build_windows_separate-xr-window-rebased_x64_vc17_Release\source\blender\windowmanager\bf_windowmanager.vcxproj]
C:\blender\official\source\blender\windowmanager\xr\intern\wm_xr_draw.cc(2058,3): error C3861: 'copy_qt_qt': identifier not found [C:\blender\build_windows_separate-xr-window-rebased_x64_vc17_Release\source\blender\windowmanager\bf_windowmanager.vcxproj]
C:\blender\official\source\blender\windowmanager\xr\intern\wm_xr_draw.cc(2074,3): error C3861: 'mul_m4_m4m4': identifier not found [C:\blender\build_windows_separate-xr-window-rebased_x64_vc17_Release\source\blender\windowmanager\bf_windowmanager.vcxproj]
C:\blender\official\source\blender\windowmanager\xr\intern\wm_xr_draw.cc(2075,3): error C3861: 'mul_m4_m4m4': identifier not found [C:\blender\build_windows_separate-xr-window-rebased_x64_vc17_Release\source\blender\windowmanager\bf_windowmanager.vcxproj]
C:\blender\official\source\blender\windowmanager\xr\intern\wm_xr_draw.cc(2193,3): error C3861: 'copy_m4_m4': identifier not found [C:\blender\build_windows_separate-xr-window-rebased_x64_vc17_Release\source\blender\windowmanager\bf_windowmanager.vcxproj]
C:\blender\official\source\blender\windowmanager\xr\intern\wm_xr_draw.cc(2437,3): error C3861: 'wm_xr_panel_cursor_draw': identifier not found [C:\blender\build_windows_separate-xr-window-rebased_x64_vc17_Release\source\blender\windowmanager\bf_windowmanager.vcxproj]
C:\blender\official\source\blender\windowmanager\xr\intern\wm_xr_session.cc(199,5): error C3861: 'axis_angle_to_quat_single': identifier not found [C:\blender\build_windows_separate-xr-window-rebased_x64_vc17_Release\source\blender\windowmanager\bf_windowmanager.vcxproj]
C:\blender\official\source\blender\windowmanager\xr\intern\wm_xr_session.cc(200,5): error C3861: 'axis_angle_to_quat_single': identifier not found [C:\blender\build_windows_separate-xr-window-rebased_x64_vc17_Release\source\blender\windowmanager\bf_windowmanager.vcxproj]
C:\blender\official\source\blender\windowmanager\xr\intern\wm_xr_session.cc(201,5): error C3861: 'mul_qt_qtqt': identifier not found [C:\blender\build_windows_separate-xr-window-rebased_x64_vc17_Release\source\blender\windowmanager\bf_windowmanager.vcxproj]
C:\blender\official\source\blender\windowmanager\xr\intern\wm_xr_session.cc(207,5): error C3861: 'mat4_to_loc_quat': identifier not found [C:\blender\build_windows_separate-xr-window-rebased_x64_vc17_Release\source\blender\windowmanager\bf_windowmanager.vcxproj]
C:\blender\official\source\blender\windowmanager\xr\intern\wm_xr_session.cc(210,5): error C3861: 'quat_to_eul': identifier not found [C:\blender\build_windows_separate-xr-window-rebased_x64_vc17_Release\source\blender\windowmanager\bf_windowmanager.vcxproj]
C:\blender\official\source\blender\windowmanager\xr\intern\wm_xr_session.cc(213,5): error C3861: 'eul_to_quat': identifier not found [C:\blender\build_windows_separate-xr-window-rebased_x64_vc17_Release\source\blender\windowmanager\bf_windowmanager.vcxproj]
C:\blender\official\source\blender\windowmanager\xr\intern\wm_xr_session.cc(217,5): error C3861: 'axis_angle_to_quat_single': identifier not found [C:\blender\build_windows_separate-xr-window-rebased_x64_vc17_Release\source\blender\windowmanager\bf_windowmanager.vcxproj]
C:\blender\official\source\blender\windowmanager\xr\intern\wm_xr_session.cc(402,3): error C3861: 'copy_qt_qt': identifier not found [C:\blender\build_windows_separate-xr-window-rebased_x64_vc17_Release\source\blender\windowmanager\bf_windowmanager.vcxproj]
C:\blender\official\source\blender\windowmanager\xr\intern\wm_xr_session.cc(417,3): error C3861: 'mul_m4_m4m4': identifier not found [C:\blender\build_windows_separate-xr-window-rebased_x64_vc17_Release\source\blender\windowmanager\bf_windowmanager.vcxproj]
C:\blender\official\source\blender\windowmanager\xr\intern\wm_xr_session.cc(418,3): error C3861: 'mul_m4_m4m4': identifier not found [C:\blender\build_windows_separate-xr-window-rebased_x64_vc17_Release\source\blender\windowmanager\bf_windowmanager.vcxproj]
C:\blender\official\source\blender\windowmanager\xr\intern\wm_xr_session.cc(421,3): error C3861: 'mat4_to_loc_quat': identifier not found [C:\blender\build_windows_separate-xr-window-rebased_x64_vc17_Release\source\blender\windowmanager\bf_windowmanager.vcxproj]
C:\blender\official\source\blender\windowmanager\xr\intern\wm_xr_session.cc(428,22): error C3861: 'fov_to_focallength': identifier not found [C:\blender\build_windows_separate-xr-window-rebased_x64_vc17_Release\source\blender\windowmanager\bf_windowmanager.vcxproj]
C:\blender\official\source\blender\windowmanager\xr\intern\wm_xr_session.cc(503,5): error C3861: 'unit_qt': identifier not found [C:\blender\build_windows_separate-xr-window-rebased_x64_vc17_Release\source\blender\windowmanager\bf_windowmanager.vcxproj]
C:\blender\official\source\blender\windowmanager\xr\intern\wm_xr_session.cc(525,5): error C3861: 'unit_qt': identifier not found [C:\blender\build_windows_separate-xr-window-rebased_x64_vc17_Release\source\blender\windowmanager\bf_windowmanager.vcxproj]
C:\blender\official\source\blender\windowmanager\xr\intern\wm_xr_session.cc(730,5): error C3861: 'unit_m4': identifier not found [C:\blender\build_windows_separate-xr-window-rebased_x64_vc17_Release\source\blender\windowmanager\bf_windowmanager.vcxproj]
C:\blender\official\source\blender\windowmanager\xr\intern\wm_xr_session.cc(735,3): error C3861: 'copy_m4_m4': identifier not found [C:\blender\build_windows_separate-xr-window-rebased_x64_vc17_Release\source\blender\windowmanager\bf_windowmanager.vcxproj]
C:\blender\official\source\blender\windowmanager\xr\intern\wm_xr_session.cc(766,5): error C3861: 'unit_qt': identifier not found [C:\blender\build_windows_separate-xr-window-rebased_x64_vc17_Release\source\blender\windowmanager\bf_windowmanager.vcxproj]
C:\blender\official\source\blender\windowmanager\xr\intern\wm_xr_session.cc(773,3): error C3861: 'copy_qt_qt': identifier not found [C:\blender\build_windows_separate-xr-window-rebased_x64_vc17_Release\source\blender\windowmanager\bf_windowmanager.vcxproj]
C:\blender\official\source\blender\windowmanager\xr\intern\wm_xr_session.cc(802,5): error C3861: 'unit_qt': identifier not found [C:\blender\build_windows_separate-xr-window-rebased_x64_vc17_Release\source\blender\windowmanager\bf_windowmanager.vcxproj]
C:\blender\official\source\blender\windowmanager\xr\intern\wm_xr_session.cc(809,3): error C3861: 'copy_qt_qt': identifier not found [C:\blender\build_windows_separate-xr-window-rebased_x64_vc17_Release\source\blender\windowmanager\bf_windowmanager.vcxproj]
C:\blender\official\source\blender\windowmanager\xr\intern\wm_xr_session.cc(835,5): error C3861: 'unit_qt': identifier not found [C:\blender\build_windows_separate-xr-window-rebased_x64_vc17_Release\source\blender\windowmanager\bf_windowmanager.vcxproj]
C:\blender\official\source\blender\windowmanager\xr\intern\wm_xr_session.cc(839,3): error C3861: 'copy_qt_qt': identifier not found [C:\blender\build_windows_separate-xr-window-rebased_x64_vc17_Release\source\blender\windowmanager\bf_windowmanager.vcxproj]
C:\blender\official\source\blender\windowmanager\xr\intern\wm_xr_session.cc(847,5): error C3861: 'copy_qt_qt': identifier not found [C:\blender\build_windows_separate-xr-window-rebased_x64_vc17_Release\source\blender\windowmanager\bf_windowmanager.vcxproj]
C:\blender\official\source\blender\windowmanager\xr\intern\wm_xr_session.cc(887,3): error C3861: 'unit_qt': identifier not found [C:\blender\build_windows_separate-xr-window-rebased_x64_vc17_Release\source\blender\windowmanager\bf_windowmanager.vcxproj]
C:\blender\official\source\blender\windowmanager\xr\intern\wm_xr_session.cc(1004,3): error C3861: 'mul_m4_m4m4': identifier not found [C:\blender\build_windows_separate-xr-window-rebased_x64_vc17_Release\source\blender\windowmanager\bf_windowmanager.vcxproj]
C:\blender\official\source\blender\windowmanager\xr\intern\wm_xr_session.cc(1005,3): error C3861: 'mul_m4_m4m4': identifier not found [C:\blender\build_windows_separate-xr-window-rebased_x64_vc17_Release\source\blender\windowmanager\bf_windowmanager.vcxproj]
C:\blender\official\source\blender\windowmanager\xr\intern\wm_xr_session.cc(1008,3): error C3861: 'mat4_to_loc_quat': identifier not found [C:\blender\build_windows_separate-xr-window-rebased_x64_vc17_Release\source\blender\windowmanager\bf_windowmanager.vcxproj]
C:\blender\official\source\blender\windowmanager\xr\intern\wm_xr_session.cc(1481,5): error C3861: 'copy_qt_qt': identifier not found [C:\blender\build_windows_separate-xr-window-rebased_x64_vc17_Release\source\blender\windowmanager\bf_windowmanager.vcxproj]
C:\blender\official\source\blender\windowmanager\xr\intern\wm_xr_session.cc(1485,7): error C3861: 'copy_qt_qt': identifier not found [C:\blender\build_windows_separate-xr-window-rebased_x64_vc17_Release\source\blender\windowmanager\bf_windowmanager.vcxproj]
C:\blender\official\source\blender\windowmanager\xr\intern\wm_xr_session.cc(1636,5): error C3861: 'mul_m4_m4m4': identifier not found [C:\blender\build_windows_separate-xr-window-rebased_x64_vc17_Release\source\blender\windowmanager\bf_windowmanager.vcxproj]
C:\blender\official\source\blender\windowmanager\xr\intern\wm_xr_session.cc(1637,5): error C3861: 'mat4_to_loc_quat': identifier not found [C:\blender\build_windows_separate-xr-window-rebased_x64_vc17_Release\source\blender\windowmanager\bf_windowmanager.vcxproj]
Error during build, see C:\blender\official\..\build_windows_separate-xr-window-rebased_x64_vc17_Release\Build.log for details 
Build failed!
